// Jest Snapshot v1, https://goo.gl/fbAQLP

exports[`Render Input render Input correctly 1`] = `
<div
  className="MuiFormControl-root-2 Input-textField-1"
>
  <label
    className="MuiFormLabel-root-17 MuiInputLabel-root-6 MuiInputLabel-formControl-11 MuiInputLabel-animated-14"
    data-shrink={false}
  >
    Missing translationId: upload.form.undefined_label for language: \${ languageCode }
  </label>
  <div
    className="MuiInputBase-root-37 MuiInput-root-24 MuiInput-underline-28 MuiInputBase-formControl-38 MuiInput-formControl-25"
    onClick={[Function]}
  >
    <input
      aria-invalid={false}
      className="MuiInputBase-input-47 MuiInput-input-32 MuiInputBase-inputType-50 MuiInput-inputType-35"
      disabled={false}
      onBlur={[Function]}
      onChange={[Function]}
      onFocus={[Function]}
      required={false}
      type="number"
    />
  </div>
  <p
    className="MuiFormHelperText-root-54"
  >
    Missing translationId: upload.form.undefined_helptext for language: \${ languageCode }
  </p>
</div>
`;
